error[E0425]: cannot find function `distance` in module `super`
   --> crates/cadmpeg-codec-nx/src/intersection/chart_samples.rs:224:46
    |
224 |                         let chord_m = super::distance(pair[0], pair[1]) / 1000.0;
    |                                              ^^^^^^^^ not found in `super`

error[E0603]: struct import `LineCurve` is private
   --> crates/cadmpeg-ir/src/eval/tests/numerical_followup.rs:157:26
    |
157 |         crate::geometry::LineCurve::try_new(Point3::new(0., 0., 0.), Vector3::new(1., 0., 0.))
    |                          ^^^^^^^^^ private struct import
    |
note: the struct import `LineCurve` is defined here...
   --> crates/cadmpeg-ir/src/geometry.rs:27:5
    |
 27 |     LineCurve, ParabolaCurve, PlaneSurface, SphereSurface, TorusSurface,
    |     ^^^^^^^^^
note: ...and refers to the struct `LineCurve` which is defined here
   --> crates/cadmpeg-ir/src/geometry/analytic.rs:490:1
    |
490 | pub struct LineCurve {
    | ^^^^^^^^^^^^^^^^^^^^ you could import this directly
help: consider importing this struct instead
    |
157 |         crate::geometry::analytic::LineCurve::try_new(Point3::new(0., 0., 0.), Vector3::new(1., 0., 0.))
    |                          ++++++++++
help: import `LineCurve` directly
    |
157 -         crate::geometry::LineCurve::try_new(Point3::new(0., 0., 0.), Vector3::new(1., 0., 0.))
157 +         analytic::LineCurve(Point3::new(0., 0., 0.), Vector3::new(1., 0., 0.))
    |

For more information about this error, try `rustc --explain E0425`.
error: could not compile `cadmpeg-codec-nx` (lib) due to 1 previous error
error: could not compile `cadmpeg-codec-nx` (lib test) due to 1 previous error
For more information about this error, try `rustc --explain E0603`.
error: could not compile `cadmpeg-ir` (lib test) due to 1 previous error
