IR norm/distance magnitude=1e200: norm=inf; distance=inf; NX normalized=None
IR norm/distance magnitude=1e-200: norm=0.0; distance=0.0; NX normalized=None
IR rational common weight 1e0: point=Some(Point3 { x: 3.0, y: 0.0, z: 0.0 }); tangent=Some(Vector3 { x: 2.0, y: 0.0, z: 0.0 }); isocurve=Some([Point3 { x: 3.0, y: 0.0, z: 0.0 }, Point3 { x: 3.0, y: 1.0, z: 0.0 }])
IR rational common weight -1e0: point=Some(Point3 { x: 3.0, y: -0.0, z: -0.0 }); tangent=Some(Vector3 { x: 2.0, y: -0.0, z: -0.0 }); isocurve=None
IR rational common weight 1e200: point=Some(Point3 { x: 3.0, y: 0.0, z: 0.0 }); tangent=None; isocurve=Some([Point3 { x: 3.0, y: 0.0, z: 0.0 }, Point3 { x: 3.0, y: 1.0, z: 0.0 }])
IR rational common weight 1e308: point=Some(Point3 { x: inf, y: 0.0, z: 0.0 }); tangent=None; isocurve=None
IR rational common weight 1e-200: point=Some(Point3 { x: 3.0, y: 0.0, z: 0.0 }); tangent=None; isocurve=Some([Point3 { x: 3.0, y: 0.0, z: 0.0 }, Point3 { x: 3.0, y: 1.0, z: 0.0 }])
IR rational common weight 5e-324: point=None; tangent=None; isocurve=None
IR tiny knot span point=Some(Point3 { x: NaN, y: NaN, z: NaN })
F3D half turn=Some(AxisAngle { origin: FinitePoint3(Point3 { x: 0.0, y: 0.0, z: 0.0 }), direction: FeatureDirection3(Vector3 { x: 0.0, y: 0.7071067811865476, z: 0.7071067811865476 }), angle: Angle(3.141592653589793) })
F3D disjoint line/circle=Some([Point2 { u: 0.0, v: 0.0002 }])
Creo disjoint line/circle=Some([0.0, 0.0002])
FreeCAD rotate X by Z halfturn, q scale=1e0: Vector3 { x: -1.0, y: 0.0, z: 0.0 }
FreeCAD rotate X by Z halfturn, q scale=1e200: Vector3 { x: 1.0, y: 0.0, z: 0.0 }
FreeCAD rotate X by Z halfturn, q scale=1e-200: Vector3 { x: 1.0, y: 0.0, z: 0.0 }
IR finite inverse translation=Err(NonFinite)
IR inverse affine point=None; shared inverse succeeds=true
IR periodic parameter=Some(NaN)
SAT integer 9007199254740993: lexical_integral=true; long=9007199254740992
SAT integer 9223372036854775808: lexical_integral=true; long=9223372036854775807
SLDPRT align 2^63: cast=9223372036854775807; accepted=true
IGES reversed range expected [1e16, 1.0000000000000002e16], actual [9999999999999998.0, 1e16]
STEP input admitted: Ok(LinePcurve { origin: FinitePoint2(Point2 { u: 0.0, v: 0.0 }), direction: NonzeroPoint2(Point2 { u: 1e200, v: 0.0 }) })
STEP direction: unit=[0.0, 0.0]; magnitude=inf; formatter fallback=0.
Rhino remap finite endpoints: [NaN, inf]
Rhino identical endpoint midpoint: inf
Rhino rational join second span midpoint: expected=Some(Point3 { x: 0.25, y: 0.75, z: 0.0 }); actual=Some(Point3 { x: 0.2, y: 0.6, z: 0.0 }); weights=Some([2.0, 2.0, 2.0, 1.0, 1.0])
Rhino unclamped curve elevation (no degree change): Ok(NurbsCurve { degree: 1, knots: [-1.0, -1.0, 0.0, 1.0, 2.0, 2.0], poles: Polynomial { points: [Point3 { x: 0.0, y: 0.0, z: 0.0 }, Point3 { x: 0.0, y: 0.0, z: 0.0 }, Point3 { x: 0.0, y: 0.0, z: 0.0 }, Point3 { x: 1.0, y: 0.0, z: 0.0 }] }, periodic: false })
Rhino discontinuous curve elevation (no degree change): Ok(NurbsCurve { degree: 2, knots: [0.0, 0.0, 0.0, 1.0, 1.0, 2.0, 2.0, 2.0], poles: Polynomial { points: [Point3 { x: 0.0, y: 0.0, z: 0.0 }, Point3 { x: 1.0, y: 0.0, z: 0.0 }, Point3 { x: 2.0, y: 0.0, z: 0.0 }, Point3 { x: 3.0, y: 0.0, z: 0.0 }, Point3 { x: 4.0, y: 0.0, z: 0.0 }] }, periodic: false })
Rhino actual remap: Err(GeometryError("curve knot remap overflowed"))
Rhino decoded-form unclamped quadratic: before=Some(Point3 { x: 1.0, y: 0.75, z: 0.0 }); after=Some(Point3 { x: 0.875, y: 0.875, z: 0.0 })
Rhino decoded-form unclamped elevated carrier: Ok(NurbsCurve { degree: 2, knots: [-1.0, -1.0, -1.0, 0.0, 0.0, 1.0, 1.0, 2.0, 2.0, 2.0], poles: Polynomial { points: [Point3 { x: 0.0, y: 0.0, z: 0.0 }, Point3 { x: 0.5, y: 0.5, z: 0.0 }, Point3 { x: 0.5, y: 0.5, z: 0.0 }, Point3 { x: 1.0, y: 1.0, z: 0.0 }, Point3 { x: 1.0, y: 1.0, z: 0.0 }, Point3 { x: 1.0, y: 1.0, z: 0.0 }, Point3 { x: 2.0, y: 0.0, z: 0.0 }] }, periodic: false })
Rhino identical large endpoints full join: Err(GeometryError("control_points contains a non-finite point"))
NX orthogonal derivative LS: None
NX null vector at scale 1: Some([-0.7071067811865475, -0.0, -0.7071067811865475, -0.0])
NX null vector at scale 0.00001: None
SLDPRT parallel huge-line angle: Some(NaN)
SLDPRT distinct parallel hole count: Some(1)
IGES binary real expected 2^1023=89884656743115800000000000000000000000000000000000000000000000000000000000000000000000000000000000000000000000000000000000000000000000000000000000000000000000000000000000000000000000000000000000000000000000000000000000000000000000000000000000000000000000000000000000000000000000000000000000000000000000000000: Err(Malformed("a Binary real is not finite"))
Protein texture conversion finite 1e308 inches -> mm = inf
ASM full SAT parser: Ok([Record { index: 0, name: "audit-integer", tokens: [Long(9007199254740992), Long(9223372036854775807)], offset: 104, len: 52 }])
IR apply finite cancellation point: None
IR compose finite cancellation: Err(NonFinite)
Rhino mesh shorter diagonal is 1--3, actual triangles=[[0, 1, 2], [0, 2, 3]]
IGES similarity uniform positive scale: None
IGES Affine representable cancellation point: Point3 { x: inf, y: 1.7976931348623157e308, z: 1.7976931348623157e308 }
CATIA mixed output weights: None
CATIA weighted coordinate expected 1e-308: Some([Point3 { x: 0.0, y: 0.0, z: 0.0 }, Point3 { x: 0.0, y: 1.0, z: 0.0 }])
