
running 21 tests
test asm::noncircle_small_weights ... ASM polynomial rounded square, common weights 1: None; 1e-12: Some((Point3 { x: 0.0, y: 0.0, z: 0.0 }, Vector3 { x: 0.0, y: 0.0, z: 1.0 }, Vector3 { x: 1.0, y: 0.0, z: 0.0 }, 1.0)); midpoint (.75,.75) radius 1.0606601717798212
ok
test catia::finite_circle_endpoint_angle ... CATIA circle radius1e200 first endpoint angle None, should Some(0)
CATIA circle radius1e-200 first endpoint angle None, should Some(0)
ok
test creo::cone_false_tangent_circles ... Creo cone/sphere [(Solved(Circle(CircleCurve { center: FinitePoint3(Point3 { x: 0.0, y: 0.0, z: -5e-7 }), radius: PositiveReal(5.000000000000001e-7), frame: OrthonormalFrame3 { axis: UnitVector3(Vector3 { x: 0.0, y: 0.0, z: 1.0 }), reference: UnitVector3(Vector3 { x: 1.0, y: 0.0, z: 0.0 }) } })), "coaxial_cone_sphere_tangent_circle")]; cone/torus [(Solved(Circle(CircleCurve { center: FinitePoint3(Point3 { x: 0.0, y: 0.0, z: 0.0 }), radius: PositiveReal(3e-6), frame: OrthonormalFrame3 { axis: UnitVector3(Vector3 { x: 0.0, y: 0.0, z: 1.0 }), reference: UnitVector3(Vector3 { x: 1.0, y: 0.0, z: 0.0 }) } })), "coaxial_cone_torus_circle")]; expected two valid crossings each
ok
test creo::disjoint_cylinder_sphere_invents_circle ... Creo r2e-6 cylinder outside r1e-6 sphere: [(Solved(Circle(CircleCurve { center: FinitePoint3(Point3 { x: 0.0, y: 0.0, z: 0.0 }), radius: PositiveReal(2e-6), frame: OrthonormalFrame3 { axis: UnitVector3(Vector3 { x: 0.0, y: 0.0, z: 1.0 }), reference: UnitVector3(Vector3 { x: 1.0, y: 0.0, z: 0.0 }) } })), "coaxial_cylinder_sphere_tangent_circle")]; expectedempty
ok
test creo::plane_cylinder_secants_lost ... Creo central plane/r1e-10 cylinder generators 0, expected2
ok
test creo::secant_cylinder_sphere_becomes_tangent ... Creo r1e-6 cylinder vs r2e-6 sphere: [(Solved(Circle(CircleCurve { center: FinitePoint3(Point3 { x: 0.0, y: 0.0, z: 0.0 }), radius: PositiveReal(1e-6), frame: OrthonormalFrame3 { axis: UnitVector3(Vector3 { x: 0.0, y: 0.0, z: 1.0 }), reference: UnitVector3(Vector3 { x: 1.0, y: 0.0, z: 0.0 }) } })), "coaxial_cylinder_sphere_tangent_circle")]; expected2 circles at +/-sqrt(3)e-6
ok
test creo::small_cylinder_secants_lost ... Creo r=1e-6 cylinders spaced1e-6: 0 generators; expected2
ok
test creo::torus_fabricated_intersections ... Creo disjoint cylinder/torus circles=1, disjoint plane/torus circles=1, shouldzero
ok
test f3d::reflection_axis_length_overflow ... F3D reflect (1e200,1) in X axis: Point2 { u: NaN, v: NaN }; expected (1e200,-1)
ok
test f3d::reflection_finite_fixed_point ... F3D reflect point on axis x1e308: Point2 { u: inf, v: 1.0 }; expected fixed point Point2 { u: 1e308, v: 1.0 }
ok
test iges::parabola_common_coefficient_scale ... IGES parabola focal ordinary=0.25, commoncoeff1e308=0; expected .25 both
IGES parabola focal ordinary=0.25, commoncoeff1e308=0; expected .25 both
ok
test ir_offset::perpendicular_offset_frames_admitted ... IR perpendicular endpoint tangent frames produce offset Some(1.0), should None
ok
test ir_parallel::perpendicular_admitted_parallel ... IR perpendicular lines reported parallel distance: Some(1.0); should None
ok
test ir_parallel::separated_spans_admitted_overflow ... IR disjoint projected spans report Some(1.0); should None
ok
test ir_planar::remote_line_invents_tangent ... IR unit-circle vs line y2, startx1e8: Some([-100000000.0, -100000000.0]); expectedNone
ok
test ir_planar::remote_secant_inaccurate_roots ... IR unitcircle secant startx1e8: [-100000001.05367121, -99999998.94632879]; expected -100000001,-99999999
ok
test nx::reversal_finite_hyperbolic_coefficients ... NX hyperbolic reversal on[359,361]: None; coefficients ~2.460350465131863e302 finite
NX hyperbolic reversal on[359,361]: None; coefficients ~2.460350465131863e302 finite
ok
test nx::reversal_finite_line_origin ... NX line reversal domain[1e308,1.4e308]: None; finite reversed origin1.2e308 direction-0.5
ok
test rhino::solid_orientation_lost_on_translation ... Rhino outward tetra solid code original=1, translated1e8=0; expected1 both
ok
test rhino_tolerance::finite_vertex_tolerance_overflow ... Rhino legacy gap1e200 yields tolerance inf; expected finite1e200
ok
test sld::shallow_angle_erased ... SLDPRT angle atan(1e-8): Some(0.0); expected 0.00000001
ok

test result: ok. 21 passed; 0 failed; 0 ignored; 0 measured; 0 filtered out; finished in 0.00s
