error[E0433]: cannot find type `Point3` in this scope
    --> crates/cadmpeg-codec-sldprt/src/brep/graph.rs:4809:47
     |
4809 |                         .is_some_and(|mapped| Point3::distance(point, mapped) <= tolerance)
     |                                               ^^^^^^ use of undeclared type `Point3`
     |
help: a struct with a similar name exists
     |
4809 -                         .is_some_and(|mapped| Point3::distance(point, mapped) <= tolerance)
4809 +                         .is_some_and(|mapped| Point::distance(point, mapped) <= tolerance)
     |

error[E0433]: cannot find type `Point3` in this scope
    --> crates/cadmpeg-codec-sldprt/src/brep/graph.rs:4967:10
     |
4967 |         (Point3::distance(point, mapped) <= tolerance).then_some(parameters)
     |          ^^^^^^ use of undeclared type `Point3`
     |
help: a struct with a similar name exists
     |
4967 -         (Point3::distance(point, mapped) <= tolerance).then_some(parameters)
4967 +         (Point::distance(point, mapped) <= tolerance).then_some(parameters)
     |

error[E0433]: cannot find type `Point3` in this scope
    --> crates/cadmpeg-codec-sldprt/src/brep/graph.rs:4995:31
     |
4995 |         maximum = maximum.max(Point3::distance(point, surface_point));
     |                               ^^^^^^ use of undeclared type `Point3`
     |
help: a struct with a similar name exists
     |
4995 -         maximum = maximum.max(Point3::distance(point, surface_point));
4995 +         maximum = maximum.max(Point::distance(point, surface_point));
     |

error[E0433]: cannot find type `Point3` in this scope
    --> crates/cadmpeg-codec-sldprt/src/brep/graph.rs:5044:43
     |
5044 |         fit_tolerance = fit_tolerance.max(Point3::distance(model_point, mapped_point));
     |                                           ^^^^^^ use of undeclared type `Point3`
     |
help: a struct with a similar name exists
     |
5044 -         fit_tolerance = fit_tolerance.max(Point3::distance(model_point, mapped_point));
5044 +         fit_tolerance = fit_tolerance.max(Point::distance(model_point, mapped_point));
     |

error[E0433]: cannot find type `Point3` in this scope
    --> crates/cadmpeg-codec-nx/src/decode/tests/blend_contact.rs:1765:13
     |
1765 |     assert!(Point3::distance(evaluated, point) <= 64.0 * f64::EPSILON);
     |             ^^^^^^ use of undeclared type `Point3`
     |
help: a struct with a similar name exists
     |
1765 -     assert!(Point3::distance(evaluated, point) <= 64.0 * f64::EPSILON);
1765 +     assert!(Point2::distance(evaluated, point) <= 64.0 * f64::EPSILON);
     |

For more information about this error, try `rustc --explain E0433`.
error: could not compile `cadmpeg-codec-sldprt` (lib test) due to 4 previous errors
error: could not compile `cadmpeg-codec-nx` (lib test) due to 1 previous error
