error[E0603]: module `decode` is private
   --> crates/cadmpeg-codec-catia/src/solve/tests/coordinate_closure.rs:139:36
    |
139 |     use crate::families::standard::decode::standard_native_support_edge_ids;
    |                                    ^^^^^^ private module
    |
note: the module `decode` is defined here
   --> crates/cadmpeg-codec-catia/src/families/standard/mod.rs:3:1
    |
  3 | pub(super) mod decode;
    | ^^^^^^^^^^^^^^^^^^^^^^

error[E0603]: enum `StandardCurveGeometry` is private
   --> crates/cadmpeg-codec-catia/src/solve/tests/coordinate_closure.rs:140:46
    |
140 |     use crate::families::standard::records::{StandardCurveGeometry, StandardCurveSupport};
    |                                              ^^^^^^^^^^^^^^^^^^^^^ private enum
    |
note: the enum `StandardCurveGeometry` is defined here
   --> crates/cadmpeg-codec-catia/src/families/standard/records.rs:632:1
    |
632 | pub(super) enum StandardCurveGeometry {
    | ^^^^^^^^^^^^^^^^^^^^^^^^^^^^^^^^^^^^^

error[E0603]: struct `StandardCurveSupport` is private
   --> crates/cadmpeg-codec-catia/src/solve/tests/coordinate_closure.rs:140:69
    |
140 |     use crate::families::standard::records::{StandardCurveGeometry, StandardCurveSupport};
    |                                                                     ^^^^^^^^^^^^^^^^^^^^ private struct
    |
note: the struct `StandardCurveSupport` is defined here
   --> crates/cadmpeg-codec-catia/src/families/standard/records.rs:650:1
    |
650 | pub(super) struct StandardCurveSupport {
    | ^^^^^^^^^^^^^^^^^^^^^^^^^^^^^^^^^^^^^^

For more information about this error, try `rustc --explain E0603`.
error: could not compile `cadmpeg-codec-catia` (lib test) due to 3 previous errors
