error: used `unwrap()` on a `Result` value
   --> crates/cadmpeg-codec-iges/src/writer/tests/mod.rs:993:25
    |
993 |         let [a, c, f] = super::conic_coefficients(radius, radius).unwrap();
    |                         ^^^^^^^^^^^^^^^^^^^^^^^^^^^^^^^^^^^^^^^^^^^^^^^^^^
    |
    = note: if this value is an `Err`, it will panic
    = help: consider using `expect()` to provide a better panic message
    = help: for further information visit https://rust-lang.github.io/rust-clippy/rust-1.97.0/index.html#unwrap_used
    = note: `-D clippy::unwrap-used` implied by `-D warnings`
    = help: to override `-D warnings` add `#[allow(clippy::unwrap_used)]`

error: used `unwrap()` on a `Result` value
   --> crates/cadmpeg-codec-iges/src/writer/tests/mod.rs:999:9
    |
999 |         super::conic_coefficients(2.0, 1.0).unwrap(),
    |         ^^^^^^^^^^^^^^^^^^^^^^^^^^^^^^^^^^^^^^^^^^^^
    |
    = note: if this value is an `Err`, it will panic
    = help: consider using `expect()` to provide a better panic message
    = help: for further information visit https://rust-lang.github.io/rust-clippy/rust-1.97.0/index.html#unwrap_used

error: could not compile `cadmpeg-codec-iges` (lib test) due to 2 previous errors
